
[1m[46m RUN [49m[22m [36mv4.0.15 [39m[90mF:/JAVA-PROJET/vitalia/workspace/vitalia-web[39m

 [31mΓ¥»[39m src/app/core/services/theme.service.spec.ts [2m([22m[2m3 tests[22m[2m | [22m[31m3 failed[39m[2m)[22m[32m 19[2mms[22m[39m
[31m     [31m├ù[31m should be created[39m[32m 7[2mms[22m[39m
[31m     [31m├ù[31m should inject CSS tokens for a BrandKit[39m[32m 3[2mms[22m[39m
[31m     [31m├ù[31m should switch surface tokens based on color mode[39m[32m 2[2mms[22m[39m

ΓÄ»ΓÄ»ΓÄ»ΓÄ»ΓÄ»ΓÄ»ΓÄ» Failed Tests 3 ΓÄ»ΓÄ»ΓÄ»ΓÄ»ΓÄ»ΓÄ»ΓÄ»

 FAIL  src/app/core/services/theme.service.spec.ts:17:5 > ThemeService (Token System v2) > should be created
 FAIL  src/app/core/services/theme.service.spec.ts:21:5 > ThemeService (Token System v2) > should inject CSS tokens for a BrandKit
 FAIL  src/app/core/services/theme.service.spec.ts:41:5 > ThemeService (Token System v2) > should switch surface tokens based on color mode
Error: Need to call TestBed.initTestEnvironment() first
 Γ¥» TestBedImpl.get compiler [as compiler] node_modules/@angular/core/fesm2022/testing.mjs:1486:13
 Γ¥» TestBedImpl.configureTestingModule node_modules/@angular/core/fesm2022/testing.mjs:1402:10
 Γ¥» Function.configureTestingModule node_modules/@angular/core/fesm2022/testing.mjs:1273:33
 Γ¥» src/app/core/services/theme.service.spec.ts:12:17
     10| 
     11|     beforeEach(() => {
     12|         TestBed.configureTestingModule({});
       |                 ^
     13|         service = TestBed.inject(ThemeService);
     14|         doc = TestBed.inject(DOCUMENT);

ΓÄ»ΓÄ»ΓÄ»ΓÄ»ΓÄ»ΓÄ»ΓÄ»ΓÄ»ΓÄ»ΓÄ»ΓÄ»ΓÄ»ΓÄ»ΓÄ»ΓÄ»ΓÄ»ΓÄ»ΓÄ»ΓÄ»ΓÄ»ΓÄ»ΓÄ»ΓÄ»ΓÄ»[1/3]ΓÄ»


[2m Test Files [22m [1m[31m1 failed[39m[22m[90m (1)[39m
[2m      Tests [22m [1m[31m3 failed[39m[22m[90m (3)[39m
[2m   Start at [22m 00:41:28
[2m   Duration [22m 2.50s[2m (transform 283ms, setup 0ms, import 1.91s, tests 19ms, environment 1ms)[22m

